☁ [1;38;2;65;133;243mgcon[0m[38;2;154;160;166m - [0m[1;38;2;65;133;243mG[0m[1;38;2;234;67;52mo[0m[1;38;2;251;188;5mo[0m[1;38;2;65;133;243mg[0m[1;38;2;52;168;83ml[0m[1;38;2;234;67;52me[0m[1;38;2;65;133;243m Cloud Platform TUI Console[0m  [38;2;0;0;0;48;2;65;133;243m[0m[48;2;65;133;243m [0m[38;2;255;255;255;48;2;65;133;243mtest-project[0m[48;2;65;133;243m [0m[38;2;65;133;243;48;2;52;168;83m[0m[48;2;52;168;83m [0m[38;2;255;255;255;48;2;52;168;83mCompute Engine[0m[48;2;52;168;83m [0m[38;2;52;168;83m[0m                                          
                                                                                                                       
                                                                                                                       
 [1;38;2;95;99;104m≡[0m  [38;2;95;99;104m│[0m                                                                                                                  
 [38;2;95;99;104m──[0m [38;2;95;99;104m│[0m  [38;2;65;133;243m⣾ [0m Initializing Compute Engine client...                                                                        
 [38;2;95;99;104m□[0m  [38;2;95;99;104m│[0m                                                                                                                  
 [38;2;95;99;104m○[0m  [38;2;95;99;104m│[0m                                                                                                                  
 [38;2;95;99;104m⬡[0m  [38;2;95;99;104m│[0m                                                                                                                  
 [38;2;95;99;104m◇[0m  [38;2;95;99;104m│[0m                                                                                                                  
 [38;2;95;99;104m△[0m  [38;2;95;99;104m│[0m                                                                                                                  
 [38;2;95;99;104m▷[0m  [38;2;95;99;104m│[0m                                                                                                                  
 [38;2;95;99;104m◈[0m  [38;2;95;99;104m│[0m                                                                                                                  
    [38;2;95;99;104m│[0m                                                                                                                  
    [38;2;95;99;104m│[0m                                                                                                                  
    [38;2;95;99;104m│[0m                                                                                                                  
    [38;2;95;99;104m│[0m                                                                                                                  
    [38;2;95;99;104m│[0m                                                                                                                  
    [38;2;95;99;104m│[0m                                                                                                                  
    [38;2;95;99;104m│[0m                                                                                                                  
    [38;2;95;99;104m│[0m                                                                                                                  
    [38;2;95;99;104m│[0m                                                                                                                  
    [38;2;95;99;104m│[0m                                                                                                                  
    [38;2;95;99;104m│[0m                                                                                                                  
    [38;2;95;99;104m│[0m                                                                                                                  
    [38;2;95;99;104m│[0m                                                                                                                  
    [38;2;95;99;104m│[0m                                                                                                                  
    [38;2;95;99;104m│[0m                                                                                                                  
    [38;2;95;99;104m│[0m                                                                                                                  
    [38;2;95;99;104m│[0m                                                                                                                  
    [38;2;95;99;104m│[0m                                                                                                                  
    [38;2;95;99;104m│[0m                                                                                                                  
    [38;2;95;99;104m│[0m                                                                                                                  
    [38;2;95;99;104m│[0m                                                                                                                  
    [38;2;95;99;104m│[0m                                                                                                                  
    [38;2;95;99;104m│[0m                                                                                                                  
    [38;2;95;99;104m│[0m                                                                                                                  
    [38;2;95;99;104m│[0m                                                                                                                  
    [38;2;95;99;104m│[0m                                                                                                                  
    [38;2;95;99;104m│[0m                                                                                                                  
[38;2;97;97;97m↑/k[0m [38;2;73;73;73mup[0m[38;2;60;60;60m • [0m[38;2;97;97;97m↓/j[0m [38;2;73;73;73mdown[0m[38;2;60;60;60m • [0m[38;2;97;97;97menter[0m [38;2;73;73;73mselect[0m[38;2;60;60;60m • [0m[38;2;97;97;97mesc[0m [38;2;73;73;73mback[0m[38;2;60;60;60m • [0m[38;2;97;97;97m:/^k[0m [38;2;73;73;73mcommand palette[0m[38;2;60;60;60m • [0m[38;2;97;97;97m?[0m [38;2;73;73;73mhelp[0m                                            