☁ [1;38;2;65;133;243mgcon[0m[38;2;154;160;166m - [0m[1;38;2;65;133;243mG[0m[1;38;2;234;67;52mo[0m[1;38;2;251;188;5mo[0m[1;38;2;65;133;243mg[0m[1;38;2;52;168;83ml[0m[1;38;2;234;67;52me[0m[1;38;2;65;133;243m Cloud Platform TUI Console[0m  [38;2;0;0;0;48;2;65;133;243m[0m[48;2;65;133;243m [0m[38;2;255;255;255;48;2;65;133;243mtest-project[0m[48;2;65;133;243m [0m[38;2;65;133;243;48;2;52;168;83m[0m[48;2;52;168;83m [0m[38;2;255;255;255;48;2;52;168;83mCompute Engine[0m[48;2;52;168;83m [0m[38;2;52;168;83m[0m                                         
                                                                                                                      
                                                                                                                      
 [1;38;2;95;99;104m≡[0m  [38;2;95;99;104m│[0m[1;38;2;65;133;243mCompute Engine Instances - test-project[0m                                                                          
 [38;2;95;99;104m──[0m [38;2;95;99;104m│[0m                                                                                                                 
 [38;2;95;99;104m□[0m  [38;2;95;99;104m│[0m [1;38;2;255;255;255mName ▲                              [0m  [1;38;2;255;255;255mZone                [0m  [1;38;2;255;255;255mInternal IP    [0m  [1;38;2;255;255;255mExternal IP    [0m  [1;38;2;255;255;255mMachine Type   [0m   
 [38;2;95;99;104m⊙[0m  [38;2;95;99;104m│[0m[38;2;154;160;166m──────────────────────────────────────[0m[38;2;154;160;166m──────────────────────[0m[38;2;154;160;166m─────────────────[0m[38;2;154;160;166m─────────────────[0m[38;2;154;160;166m─────────────────[0m  
 [38;2;95;99;104m○[0m  [38;2;95;99;104m│[0m[1;38;2;255;255;255;48;2;65;133;243m 🟢 db-server-1                        us-central1-b         10.128.0.3       -                n2-standard-4   [0m[48;2;65;133;243m[0m  
 [38;2;95;99;104m⬡[0m  [38;2;95;99;104m│[0m 🔴 dev-instance                       us-east1-b            10.142.0.5       -                e2-micro          
 [38;2;95;99;104m◇[0m  [38;2;95;99;104m│[0m 🟢 web-server-1                       us-central1-a         10.128.0.2       35.192.0.1       e2-medium         
 [38;2;95;99;104m◍[0m  [38;2;95;99;104m│[0m                                                                                                                 
 [38;2;95;99;104m△[0m  [38;2;95;99;104m│[0m                                                                                                                 
 [38;2;95;99;104m▷[0m  [38;2;95;99;104m│[0m                                                                                                                 
 [38;2;95;99;104m◈[0m  [38;2;95;99;104m│[0m                                                                                                                 
    [38;2;95;99;104m│[0m                                                                                                                 
    [38;2;95;99;104m│[0m                                                                                                                 
    [38;2;95;99;104m│[0m                                                                                                                 
    [38;2;95;99;104m│[0m                                                                                                                 
    [38;2;95;99;104m│[0m                                                                                                                 
    [38;2;95;99;104m│[0m                                                                                                                 
    [38;2;95;99;104m│[0m                                                                                                                 
    [38;2;95;99;104m│[0m                                                                                                                 
    [38;2;95;99;104m│[0m                                                                                                                 
    [38;2;95;99;104m│[0m                                                                                                                 
    [38;2;95;99;104m│[0m                                                                                                                 
    [38;2;95;99;104m│[0m                                                                                                                 
    [38;2;95;99;104m│[0m                                                                                                                 
    [38;2;95;99;104m│[0m                                                                                                                 
    [38;2;95;99;104m│[0m                                                                                                                 
    [38;2;95;99;104m│[0m                                                                                                                 
    [38;2;95;99;104m│[0m                                                                                                                 
    [38;2;95;99;104m│[0m                                                                                                                 
    [38;2;95;99;104m│[0m                                                                                                                 
    [38;2;95;99;104m│[0m                                                                                                                 
    [38;2;95;99;104m│[0m                                                                                                                 
    [38;2;95;99;104m│[0m                                                                                                                 
    [38;2;95;99;104m│[0m[38;2;154;160;166m3 items[0m[38;2;154;160;166m[0m                                                                                                          
    [38;2;95;99;104m│[0m[38;2;154;160;166m  enter: details • c: create • .: actions • t: ssh • s: start • x: stop • z: suspend • Z: resume • S: sort • /:[m  
    [38;2;95;99;104m│[0m[38;2;154;160;166mfilter • r: refresh[0m                                                                                              
[48;2;65;133;243m [0m[38;2;255;255;255;48;2;65;133;243mesc quit[0m[48;2;65;133;243m [0m[38;2;65;133;243;48;2;89;149;245m[0m[48;2;89;149;245m [0m[38;2;255;255;255;48;2;89;149;245m[ sidebar[0m[48;2;89;149;245m [0m[38;2;89;149;245;48;2;48;48;52m[0m[48;2;48;48;52m [0m[38;2;154;160;166;48;2;48;48;52m: cmd • ? help • q quit[0m[48;2;48;48;52m [0m[38;2;48;48;52;48;2;32;32;36m[0m[48;2;32;32;36m                                  [0m[38;2;189;40;166;48;2;32;32;36m[0m[48;2;189;40;166m [0m[38;2;255;255;255;48;2;189;40;166m[test-profile][0m[48;2;189;40;166m [0m[38;2;40;189;92;48;2;189;40;166m[0m[48;2;40;189;92m [0m[38;2;255;255;255;48;2;40;189;92mtest-project[0m[48;2;40;189;92m [0m   