[1;38;2;65;133;243mCompute Engine Instances - test-project[0m
                                       
 [1;38;2;255;255;255mName ▲                                   [0m  [1;38;2;255;255;255mZone                [0m  [1;38;2;255;255;255mInternal IP    [0m  [1;38;2;255;255;255mExternal IP    [0m  [1;38;2;255;255;255mMachine Type   [0m 
[38;2;154;160;166m───────────────────────────────────────────[0m[38;2;154;160;166m──────────────────────[0m[38;2;154;160;166m─────────────────[0m[38;2;154;160;166m─────────────────[0m[38;2;154;160;166m─────────────────[0m
[1;38;2;255;255;255;48;2;65;133;243m 🟢 db-server-1                             us-central1-b         10.128.0.3       -                n2-standard-4   [0m[48;2;65;133;243m    [0m
 🔴 dev-instance                            us-east1-b            10.142.0.5       -                e2-micro            
 🟠 staging-api                             europe-west1-b        10.132.0.10      34.76.0.5        e2-small            
 🟢 web-server-1                            us-central1-a         10.128.0.2       35.192.0.1       e2-medium           
                                                                                                                        
                                                                                                                        
                                                                                                                        
                                                                                                                        
                                           [38;2;65;133;243m╭────────────────────────────────╮[0m                                           
                                           [38;2;65;133;243m│[0m [1;38;2;65;133;243mInstance Actions[0m               [38;2;65;133;243m│[0m                                           
                                           [38;2;65;133;243m│[0m                                [38;2;65;133;243m│[0m                                           
                                           [38;2;65;133;243m│[0m ▶ [1;38;2;255;255;255;48;2;65;133;243mc[0m  [1;38;2;255;255;255;48;2;65;133;243mCreate Instance[0m           [38;2;65;133;243m│[0m                                           
                                           [38;2;65;133;243m│[0m   [1;38;2;65;133;243mt[0m  [38;2;255;255;255mSSH[0m                       [38;2;65;133;243m│[0m                                           
                                           [38;2;65;133;243m│[0m   [38;2;154;160;166ms[0m  [38;2;154;160;166mStart[0m                     [38;2;65;133;243m│[0m                                           
                                           [38;2;65;133;243m│[0m   [1;38;2;65;133;243mx[0m  [38;2;255;255;255mStop[0m                      [38;2;65;133;243m│[0m                                           
                                           [38;2;65;133;243m│[0m   [1;38;2;65;133;243mz[0m  [38;2;255;255;255mSuspend[0m                   [38;2;65;133;243m│[0m                                           
                                           [38;2;65;133;243m│[0m   [38;2;154;160;166mZ[0m  [38;2;154;160;166mResume[0m                    [38;2;65;133;243m│[0m                                           
                                           [38;2;65;133;243m│[0m   [1;38;2;234;67;52mR[0m  [38;2;234;67;52mReset[0m                     [38;2;65;133;243m│[0m                                           
                                           [38;2;65;133;243m│[0m   [1;38;2;234;67;52mD[0m  [38;2;234;67;52mDelete[0m                    [38;2;65;133;243m│[0m                                           
                                           [38;2;65;133;243m│[0m   [1;38;2;65;133;243mr[0m  [38;2;255;255;255mRefresh[0m                   [38;2;65;133;243m│[0m                                           
                                           [38;2;65;133;243m│[0m [38;2;154;160;166m────────────────────────────[0m   [38;2;65;133;243m│[0m                                           
                                           [38;2;65;133;243m│[0m [3;38;2;154;160;166mj/k:nav  enter:sel  esc:close[0m  [38;2;65;133;243m│[0m                                           
                                           [38;2;65;133;243m╰────────────────────────────────╯[0m                                           
                                                                                                                        
                                                                                                                        
                                                                                                                        
                                                                                                                        
                                                                                                                        
                                                                                                                        
                                                                                                                        
                                                                                                                        
                                                                                                                        
                                                                                                                        
[38;2;154;160;166m4 items[0m[38;2;154;160;166m[0m                                                                                                                          
[38;2;154;160;166m  enter: details • c: create • .: actions • s: start • x: stop • z: suspend • Z: resume • S: sort • /: filter • r: refresh[0m