[1;38;2;65;133;243mCompute Engine Instances - test-project[0m
                                       
 [1;38;2;255;255;255mName ▲                                   [0m  [1;38;2;255;255;255mZone                [0m  [1;38;2;255;255;255mInternal IP    [0m  [1;38;2;255;255;255mExternal IP    [0m  [1;38;2;255;255;255mMachine Type   [0m 
[38;2;154;160;166m───────────────────────────────────────────[0m[38;2;154;160;166m──────────────────────[0m[38;2;154;160;166m─────────────────[0m[38;2;154;160;166m─────────────────[0m[38;2;154;160;166m─────────────────[0m
[1;38;2;255;255;255;48;2;65;133;243m 🟢 db-server-1                             us-central1-b         10.128.0.3       -                n2-standard-4   [0m[48;2;65;133;243m    [0m
 🔴 dev-instance                            us-east1-b            10.142.0.5       -                e2-micro            
 🟠 staging-api                             europe-west1-b        10.132.0.10      34.76.0.5        e2-small            
 🟢 web-server-1                            us-central1-a         10.128.0.2       35.192.0.1       e2-medium           
                                                                                                                        
                               [38;2;234;67;52m╭───────────────────────────────────────────────────────╮[0m                                
                               [38;2;234;67;52m│[0m                                                       [38;2;234;67;52m│[0m                                
                               [38;2;234;67;52m│[0m  [1;38;2;234;67;52mDelete Instance[0m                                      [38;2;234;67;52m│[0m                                
                               [38;2;234;67;52m│[0m                                                       [38;2;234;67;52m│[0m                                
                               [38;2;234;67;52m│[0m  [38;2;255;255;255mThis will permanently delete:[0m                        [38;2;234;67;52m│[0m                                
                               [38;2;234;67;52m│[0m    [1;38;2;65;133;243mweb-server-1[0m                                       [38;2;234;67;52m│[0m                                
                               [38;2;234;67;52m│[0m                                                       [38;2;234;67;52m│[0m                                
                               [38;2;234;67;52m│[0m  [38;2;154;160;166m  Zone: us-central1-a[0m                                [38;2;234;67;52m│[0m                                
                               [38;2;234;67;52m│[0m  [38;2;154;160;166m  Machine type: e2-medium[0m                            [38;2;234;67;52m│[0m                                
                               [38;2;234;67;52m│[0m  [38;2;154;160;166m  Status: RUNNING[0m                                    [38;2;234;67;52m│[0m                                
                               [38;2;234;67;52m│[0m                                                       [38;2;234;67;52m│[0m                                
                               [38;2;234;67;52m│[0m  [1;38;2;251;188;4mThis action cannot be undone.[0m                        [38;2;234;67;52m│[0m                                
                               [38;2;234;67;52m│[0m                                                       [38;2;234;67;52m│[0m                                
                               [38;2;234;67;52m│[0m  [38;2;255;255;255mType the name to confirm:[0m                            [38;2;234;67;52m│[0m                                
                               [38;2;234;67;52m│[0m                                                       [38;2;234;67;52m│[0m                                
                               [38;2;234;67;52m│[0m  [38;2;255;255;255m> [0m[7mT[0m[38;2;154;160;166mype resource name to confirm[0m[38;2;154;160;166m                 [0m     [38;2;234;67;52m│[0m                                
                               [38;2;234;67;52m│[0m                                                       [38;2;234;67;52m│[0m                                
                               [38;2;234;67;52m│[0m                                                       [38;2;234;67;52m│[0m                                
                               [38;2;234;67;52m│[0m  [38;2;154;160;166menter: confirm (when name matches) | esc: cancel[0m     [38;2;234;67;52m│[0m                                
                               [38;2;234;67;52m│[0m                                                       [38;2;234;67;52m│[0m                                
                               [38;2;234;67;52m╰───────────────────────────────────────────────────────╯[0m                                
                                                                                                                        
                                                                                                                        
                                                                                                                        
                                                                                                                        
                                                                                                                        
                                                                                                                        
                                                                                                                        
[38;2;154;160;166m4 items[0m[38;2;154;160;166m[0m                                                                                                                          
[38;2;154;160;166m  enter: details • c: create • .: actions • s: start • x: stop • z: suspend • Z: resume • S: sort • /: filter • r: refresh[0m