[1;38;2;65;133;243mSelect Project[0m
              
 [1;38;2;255;255;255mName                                                        [0m  [1;38;2;255;255;255mProject ID                         [0m  [1;38;2;255;255;255mState          [0m 
[38;2;154;160;166m──────────────────────────────────────────────────────────────[0m[38;2;154;160;166m─────────────────────────────────────[0m[38;2;154;160;166m─────────────────[0m
[1;38;2;255;255;255;48;2;65;133;243m My Project (Prod)                                             my-project-prod                      🟢 ACTIVE       [0m[48;2;65;133;243m    [0m
 My Project (Staging)                                          my-project-staging                   🟢 ACTIVE           
 Old Project                                                   old-project                          🔴 DELETE_REQU…     
                                                                                                                        
                                                                                                                        
                                                                                                                        
                                                                                                                        
                                                                                                                        
                                                                                                                        
                                                                                                                        
                                                                                                                        
                                                                                                                        
                                                                                                                        
                                                                                                                        
                                                                                                                        
                                                                                                                        
                                                                                                                        
                                                                                                                        
                                                                                                                        
                                                                                                                        
                                                                                                                        
                                                                                                                        
                                                                                                                        
                                                                                                                        
                                                                                                                        
                                                                                                                        
                                                                                                                        
                                                                                                                        
                                                                                                                        
                                                                                                                        
                                                                                                                        
                                                                                                                        
                                                                                                                        
[38;2;154;160;166m3 items[0m[38;2;154;160;166m[0m                                                            
[38;2;154;160;166m  enter: select • S: sort • /: filter • r: refresh • q: quit[0m